resources/js/Pages/Profile/Portfolio.tsx(9,64): error TS2304: Cannot find name 'useForm'.
resources/js/Pages/Profile/Portfolio.tsx(30,54): error TS7006: Parameter 't' implicitly has an 'any' type.
resources/js/Pages/Profile/Portfolio.tsx(42,13): error TS2552: Cannot find name 'router'. Did you mean 'route'?
resources/js/Pages/Profile/Portfolio.tsx(50,14): error TS2304: Cannot find name 'Head'.
resources/js/Pages/Profile/Portfolio.tsx(78,30): error TS2304: Cannot find name 'Link'.
resources/js/Pages/Profile/Portfolio.tsx(80,31): error TS2304: Cannot find name 'Link'.
resources/js/Pages/Profile/Portfolio.tsx(156,62): error TS7006: Parameter 'tech' implicitly has an 'any' type.
